[demo.curlythemes.com/html/leisure/index.html]
[backblue.gif]
[fade.gif]
[index.html]
[demo.curlythemes.com/html/leisure/images/favicon.ico]
[demo.curlythemes.com/html/leisure/css/bootstrap.min.css]
[demo.curlythemes.com/html/leisure/css/font-awesome.min.css]
[demo.curlythemes.com/html/leisure/css/owl.carousel.min.css]
[demo.curlythemes.com/html/leisure/css/owl.theme.default.min.css]
[demo.curlythemes.com/html/leisure/css/datepicker.css]
[demo.curlythemes.com/html/leisure/style.css]
[demo.curlythemes.com/html/leisure/images/logo-leisure.png]
[demo.curlythemes.com/html/leisure/resort.html]
[demo.curlythemes.com/html/leisure/rooms.html]
[demo.curlythemes.com/html/leisure/room-view.html]
[demo.curlythemes.com/html/leisure/dining.html]
[demo.curlythemes.com/html/leisure/activities.html]
[demo.curlythemes.com/html/leisure/children.html]
[demo.curlythemes.com/html/leisure/attractions.html]
[demo.curlythemes.com/html/leisure/events.html]
[demo.curlythemes.com/html/leisure/news.html]
[demo.curlythemes.com/html/leisure/typography.html]
[demo.curlythemes.com/html/leisure/elements.html]
[demo.curlythemes.com/html/leisure/media-gallery.html]
[demo.curlythemes.com/html/leisure/sidebar-left.html]
[demo.curlythemes.com/html/leisure/sidebar-right.html]
[demo.curlythemes.com/html/leisure/members.html]
[demo.curlythemes.com/html/leisure/coming-soon.html]
[demo.curlythemes.com/html/leisure/404.html]
[demo.curlythemes.com/html/leisure/faq.html]
[demo.curlythemes.com/html/leisure/contact.html]
[demo.curlythemes.com/html/leisure/images/photo3.jpg]
[demo.curlythemes.com/html/leisure/images/photo2.jpg]
[demo.curlythemes.com/html/leisure/images/photo1.jpg]
[demo.curlythemes.com/html/leisure/images/spa.jpg]
[demo.curlythemes.com/html/leisure/images/pool.jpg]
[demo.curlythemes.com/html/leisure/images/food.jpg]
[demo.curlythemes.com/html/leisure/images/sail.jpg]
[demo.curlythemes.com/html/leisure/images/room.jpg]
[demo.curlythemes.com/html/leisure/images/fitness.jpg]
[demo.curlythemes.com/html/leisure/js/jquery-1.11.1.min.js]
[demo.curlythemes.com/html/leisure/js/bootstrap.min.js]
[demo.curlythemes.com/html/leisure/js/dropdown-menu.min.js]
[demo.curlythemes.com/html/leisure/js/waypoints.min.js]
[demo.curlythemes.com/html/leisure/js/waypoints-sticky.min.js]
[demo.curlythemes.com/html/leisure/js/jquery.velocity.min.js]
[demo.curlythemes.com/html/leisure/js/velocity.ui.js]
[demo.curlythemes.com/html/leisure/js/doubletaptogo.js]
[demo.curlythemes.com/html/leisure/js/bootstrap.datepicker.min.js]
[demo.curlythemes.com/html/leisure/js/jquery.stellar.min.js]
[demo.curlythemes.com/html/leisure/js/owl.carousel.min.js]
[demo.curlythemes.com/html/leisure/index.html]
[demo.curlythemes.com/html/leisure/js/main.js]
[demo.curlythemes.com/html/leisure/css/bootstrap.min.css]
[demo.curlythemes.com/html/leisure/fonts/fontawesome-webfont862f.eot]
[demo.curlythemes.com/html/leisure/fonts/fontawesome-webfontd41d.eot]
[demo.curlythemes.com/html/leisure/fonts/fontawesome-webfont862f.woff]
[demo.curlythemes.com/html/leisure/fonts/fontawesome-webfont862f.ttf]
[demo.curlythemes.com/html/leisure/css/font-awesome.min.css]
[demo.curlythemes.com/html/leisure/fonts/fontawesome-webfont862f.svg]
[demo.curlythemes.com/html/leisure/css/owl.carousel.min.css]
[demo.curlythemes.com/html/leisure/css/owl.theme.default.min.css]
[demo.curlythemes.com/html/leisure/css/datepicker.css]
[demo.curlythemes.com/html/leisure/fonts/meteocons-webfont.eot]
[demo.curlythemes.com/html/leisure/fonts/meteocons-webfontd41d.eot]
[demo.curlythemes.com/html/leisure/fonts/meteocons-webfont.woff]
[demo.curlythemes.com/html/leisure/fonts/meteocons-webfont.ttf]
[demo.curlythemes.com/html/leisure/fonts/meteocons-webfont.svg]
[demo.curlythemes.com/html/leisure/images/splash.jpg]
[demo.curlythemes.com/html/leisure/images/bg-header-5.jpg]
[demo.curlythemes.com/html/leisure/images/bg-parallax-3.jpg]
[demo.curlythemes.com/html/leisure/images/bg-header-2.jpg]
[demo.curlythemes.com/html/leisure/images/bg-header-8.jpg]
[demo.curlythemes.com/html/leisure/images/bg-header-7.jpg]
[demo.curlythemes.com/html/leisure/images/bg-header-6.jpg]
[demo.curlythemes.com/html/leisure/images/bg-recreation.jpg]
[demo.curlythemes.com/html/leisure/images/bg-recreation-2.jpg]
[demo.curlythemes.com/html/leisure/images/bg-recreation-3.jpg]
[demo.curlythemes.com/html/leisure/images/bg-children-3.jpg]
[demo.curlythemes.com/html/leisure/images/bg-children.jpg]
[demo.curlythemes.com/html/leisure/images/bg-children-2.jpg]
[demo.curlythemes.com/html/leisure/images/bg-dining-1.jpg]
[demo.curlythemes.com/html/leisure/images/content-dining-4.jpg]
[demo.curlythemes.com/html/leisure/images/bg-dining.jpg]
[demo.curlythemes.com/html/leisure/images/bg-events-3.jpg]
[demo.curlythemes.com/html/leisure/images/bg-events-2.jpg]
[demo.curlythemes.com/html/leisure/images/bg-events.jpg]
[demo.curlythemes.com/html/leisure/images/bg-room.jpg]
[demo.curlythemes.com/html/leisure/images/bg-rooms.jpg]
[demo.curlythemes.com/html/leisure/images/bg-rooms-2.jpg]
[demo.curlythemes.com/html/leisure/images/bg-acommodation.jpg]
[demo.curlythemes.com/html/leisure/images/bg-golf.jpg]
[demo.curlythemes.com/html/leisure/images/bg-tennis.jpg]
[demo.curlythemes.com/html/leisure/images/bg-swimming.jpg]
[demo.curlythemes.com/html/leisure/style.css]
[demo.curlythemes.com/html/leisure/css/jquery.fs.wallpaper.css]
[demo.curlythemes.com/html/leisure/css/jquery.fs.boxer.css]
[demo.curlythemes.com/html/leisure/images/content-gallery-11-large.jpg]
[demo.curlythemes.com/html/leisure/images/content-gallery-11.jpg]
[demo.curlythemes.com/html/leisure/images/content-gallery-12-large.jpg]
[demo.curlythemes.com/html/leisure/images/content-gallery-12.jpg]
[demo.curlythemes.com/html/leisure/images/content-gallery-7-large.jpg]
[demo.curlythemes.com/html/leisure/images/content-gallery-7.jpg]
[demo.curlythemes.com/html/leisure/images/content-gallery-6-large.jpg]
[demo.curlythemes.com/html/leisure/images/content-gallery-6.jpg]
[demo.curlythemes.com/html/leisure/js/jquery.fs.wallpaper.min.js]
[demo.curlythemes.com/html/leisure/resort.html]
[demo.curlythemes.com/html/leisure/js/jquery.fs.boxer.min.js]
[demo.curlythemes.com/html/leisure/images/content-rooms-4.jpg]
[demo.curlythemes.com/html/leisure/images/content-rooms.jpg]
[demo.curlythemes.com/html/leisure/images/content-rooms-1.jpg]
[demo.curlythemes.com/html/leisure/images/content-rooms-2.jpg]
[demo.curlythemes.com/html/leisure/images/content-rooms-3.jpg]
[demo.curlythemes.com/html/leisure/rooms.html]
[demo.curlythemes.com/html/leisure/images/content-room.jpg]
[demo.curlythemes.com/html/leisure/room-view.html]
[demo.curlythemes.com/html/leisure/images/content-dining-2.jpg]
[demo.curlythemes.com/html/leisure/images/content-dining-1.jpg]
[demo.curlythemes.com/html/leisure/images/content-dining.jpg]
[demo.curlythemes.com/html/leisure/dining.html]
[demo.curlythemes.com/cdn-cgi/scripts/5c5dd728/cloudflare-static/email-decode.min.js]
[demo.curlythemes.com/html/leisure/images/tennis-ball.png]
[demo.curlythemes.com/html/leisure/images/content-recreation.jpg]
[demo.curlythemes.com/html/leisure/images/content-recreation-1.png]
[demo.curlythemes.com/html/leisure/activities.html]
[demo.curlythemes.com/html/leisure/images/content-children-2.jpg]
[demo.curlythemes.com/html/leisure/images/content-children-1.jpg]
[demo.curlythemes.com/html/leisure/images/content-children.jpg]
[demo.curlythemes.com/html/leisure/children.html]
[demo.curlythemes.com/html/leisure/images/content-attractions.jpg]
[demo.curlythemes.com/html/leisure/images/content-attractions-9.jpg]
[demo.curlythemes.com/html/leisure/images/content-attractions-1.jpg]
[demo.curlythemes.com/html/leisure/images/content-attractions-3.jpg]
[demo.curlythemes.com/html/leisure/images/content-attractions-4.jpg]
[demo.curlythemes.com/html/leisure/images/content-attractions-10.jpg]
[demo.curlythemes.com/html/leisure/images/content-attractions-6.jpg]
[demo.curlythemes.com/html/leisure/images/content-attractions-7.jpg]
[demo.curlythemes.com/html/leisure/images/content-attractions-8.jpg]
[demo.curlythemes.com/html/leisure/images/content-attractions-2.jpg]
[demo.curlythemes.com/html/leisure/images/content-attractions-5.jpg]
[demo.curlythemes.com/html/leisure/images/content-attractions-11.jpg]
[demo.curlythemes.com/html/leisure/attractions.html]
[demo.curlythemes.com/html/leisure/js/isotope.pkgd.min.js]
[demo.curlythemes.com/html/leisure/images/content-events.jpg]
[demo.curlythemes.com/html/leisure/images/content-events-5.jpg]
[demo.curlythemes.com/html/leisure/images/content-events-1.jpg]
[demo.curlythemes.com/html/leisure/images/content-events-4.jpg]
[demo.curlythemes.com/html/leisure/images/content-events-2.jpg]
[demo.curlythemes.com/html/leisure/images/content-events-3.jpg]
[demo.curlythemes.com/html/leisure/events.html]
[demo.curlythemes.com/html/leisure/article.html]
[demo.curlythemes.com/html/leisure/images/content-blog-1.jpg]
[demo.curlythemes.com/html/leisure/images/content-blog-2.jpg]
[demo.curlythemes.com/html/leisure/images/content-blog-3.jpg]
[demo.curlythemes.com/html/leisure/images/content-blog-4.jpg]
[demo.curlythemes.com/html/leisure/news.html]
[demo.curlythemes.com/html/leisure/typography.html]
[demo.curlythemes.com/html/leisure/images/people.jpg]
[demo.curlythemes.com/html/leisure/images/people-1.jpg]
[demo.curlythemes.com/html/leisure/images/people-2.jpg]
[demo.curlythemes.com/html/leisure/images/people-3.jpg]
[demo.curlythemes.com/html/leisure/elements.html]
[demo.curlythemes.com/html/leisure/images/content-gallery-5-large.jpg]
[demo.curlythemes.com/html/leisure/images/content-gallery-5.jpg]
[demo.curlythemes.com/html/leisure/media-gallery.html]
[demo.curlythemes.com/html/leisure/images/content-about-us-2.jpg]
[demo.curlythemes.com/html/leisure/sidebar-left.html]
[demo.curlythemes.com/html/leisure/sidebar-right.html]
[demo.curlythemes.com/html/leisure/members.html]
[demo.curlythemes.com/html/leisure/coming-soon.html]
[demo.curlythemes.com/html/leisure/404.html]
[demo.curlythemes.com/html/leisure/faq.html]
[demo.curlythemes.com/html/leisure/contact.html]
[demo.curlythemes.com/html/leisure/fonts/fontawesome-webfont862f.svg]
[demo.curlythemes.com/html/leisure/fonts/meteocons-webfont.svg]
[demo.curlythemes.com/html/leisure/css/jquery.fs.wallpaper.css]
[demo.curlythemes.com/html/leisure/css/jquery.fs.boxer.css]
[demo.curlythemes.com/html/leisure/js/gmap3.min.js]
[demo.curlythemes.com/html/leisure/images/avatar.png]
[demo.curlythemes.com/html/leisure/article.html]
[linkhelp.clients.google.com/tbproxy/lh/wm/fixurl.html]
